// Jest Snapshot v1, https://goo.gl/fbAQLP

exports[`Card should match the snapshot 1`] = `
ShallowWrapper {
  Symbol(enzyme.__root__): [Circular],
  Symbol(enzyme.__unrendered__): <Card
    id={7}
    location="Colorado"
    selectDistrict={[Function]}
    stats={
        Object {
            "2004": 0.75,
            "2005": 0.9,
          }
    }
/>,
  Symbol(enzyme.__renderer__): Object {
    "batchedUpdates": [Function],
    "getNode": [Function],
    "render": [Function],
    "simulateEvent": [Function],
    "unmount": [Function],
  },
  Symbol(enzyme.__node__): Object {
    "instance": null,
    "key": undefined,
    "nodeType": "host",
    "props": Object {
      "children": Array [
        <h2>
          Colorado
</h2>,
        <ul>
          <li
                    className="purple"
          >
                    2004
                    : 
                    0.75
          </li>
          <li
                    className="purple"
          >
                    2005
                    : 
                    0.9
          </li>
</ul>,
      ],
      "className": "Card",
      "onClick": [Function],
    },
    "ref": null,
    "rendered": Array [
      Object {
        "instance": null,
        "key": undefined,
        "nodeType": "host",
        "props": Object {
          "children": "Colorado",
        },
        "ref": null,
        "rendered": "Colorado",
        "type": "h2",
      },
      Object {
        "instance": null,
        "key": undefined,
        "nodeType": "host",
        "props": Object {
          "children": Array [
            <li
              className="purple"
>
              2004
              : 
              0.75
</li>,
            <li
              className="purple"
>
              2005
              : 
              0.9
</li>,
          ],
        },
        "ref": null,
        "rendered": Array [
          Object {
            "instance": null,
            "key": "0",
            "nodeType": "host",
            "props": Object {
              "children": Array [
                "2004",
                ": ",
                0.75,
              ],
              "className": "purple",
            },
            "ref": null,
            "rendered": Array [
              "2004",
              ": ",
              0.75,
            ],
            "type": "li",
          },
          Object {
            "instance": null,
            "key": "1",
            "nodeType": "host",
            "props": Object {
              "children": Array [
                "2005",
                ": ",
                0.9,
              ],
              "className": "purple",
            },
            "ref": null,
            "rendered": Array [
              "2005",
              ": ",
              0.9,
            ],
            "type": "li",
          },
        ],
        "type": "ul",
      },
    ],
    "type": "div",
  },
  Symbol(enzyme.__nodes__): Array [
    Object {
      "instance": null,
      "key": undefined,
      "nodeType": "host",
      "props": Object {
        "children": Array [
          <h2>
            Colorado
</h2>,
          <ul>
            <li
                        className="purple"
            >
                        2004
                        : 
                        0.75
            </li>
            <li
                        className="purple"
            >
                        2005
                        : 
                        0.9
            </li>
</ul>,
        ],
        "className": "Card",
        "onClick": [Function],
      },
      "ref": null,
      "rendered": Array [
        Object {
          "instance": null,
          "key": undefined,
          "nodeType": "host",
          "props": Object {
            "children": "Colorado",
          },
          "ref": null,
          "rendered": "Colorado",
          "type": "h2",
        },
        Object {
          "instance": null,
          "key": undefined,
          "nodeType": "host",
          "props": Object {
            "children": Array [
              <li
                className="purple"
>
                2004
                : 
                0.75
</li>,
              <li
                className="purple"
>
                2005
                : 
                0.9
</li>,
            ],
          },
          "ref": null,
          "rendered": Array [
            Object {
              "instance": null,
              "key": "0",
              "nodeType": "host",
              "props": Object {
                "children": Array [
                  "2004",
                  ": ",
                  0.75,
                ],
                "className": "purple",
              },
              "ref": null,
              "rendered": Array [
                "2004",
                ": ",
                0.75,
              ],
              "type": "li",
            },
            Object {
              "instance": null,
              "key": "1",
              "nodeType": "host",
              "props": Object {
                "children": Array [
                  "2005",
                  ": ",
                  0.9,
                ],
                "className": "purple",
              },
              "ref": null,
              "rendered": Array [
                "2005",
                ": ",
                0.9,
              ],
              "type": "li",
            },
          ],
          "type": "ul",
        },
      ],
      "type": "div",
    },
  ],
  Symbol(enzyme.__options__): Object {
    "adapter": ReactSixteenAdapter {
      "options": Object {
        "enableComponentDidUpdateOnSetState": true,
        "lifecycles": Object {
          "componentDidUpdate": Object {
            "onSetState": true,
          },
          "getSnapshotBeforeUpdate": true,
        },
      },
    },
    "attachTo": undefined,
    "hydrateIn": undefined,
  },
}
`;
