// Jest Snapshot v1, https://goo.gl/fbAQLP

exports[`SearchForm should match the snapshot 1`] = `
ShallowWrapper {
  Symbol(enzyme.__root__): [Circular],
  Symbol(enzyme.__unrendered__): <SearchForm
    onChange={[Function]}
/>,
  Symbol(enzyme.__renderer__): Object {
    "batchedUpdates": [Function],
    "getNode": [Function],
    "render": [Function],
    "simulateEvent": [Function],
    "unmount": [Function],
  },
  Symbol(enzyme.__node__): Object {
    "instance": null,
    "key": undefined,
    "nodeType": "host",
    "props": Object {
      "children": <input
        className="Search"
        onChange={[Function]}
        placeholder="Type in district to Search"
        type="text"
        value={undefined}
/>,
    },
    "ref": null,
    "rendered": Object {
      "instance": null,
      "key": undefined,
      "nodeType": "host",
      "props": Object {
        "className": "Search",
        "onChange": [Function],
        "placeholder": "Type in district to Search",
        "type": "text",
        "value": undefined,
      },
      "ref": null,
      "rendered": null,
      "type": "input",
    },
    "type": "form",
  },
  Symbol(enzyme.__nodes__): Array [
    Object {
      "instance": null,
      "key": undefined,
      "nodeType": "host",
      "props": Object {
        "children": <input
          className="Search"
          onChange={[Function]}
          placeholder="Type in district to Search"
          type="text"
          value={undefined}
/>,
      },
      "ref": null,
      "rendered": Object {
        "instance": null,
        "key": undefined,
        "nodeType": "host",
        "props": Object {
          "className": "Search",
          "onChange": [Function],
          "placeholder": "Type in district to Search",
          "type": "text",
          "value": undefined,
        },
        "ref": null,
        "rendered": null,
        "type": "input",
      },
      "type": "form",
    },
  ],
  Symbol(enzyme.__options__): Object {
    "adapter": ReactSixteenAdapter {
      "options": Object {
        "enableComponentDidUpdateOnSetState": true,
        "lifecycles": Object {
          "componentDidUpdate": Object {
            "onSetState": true,
          },
          "getSnapshotBeforeUpdate": true,
        },
      },
    },
    "attachTo": undefined,
    "hydrateIn": undefined,
  },
}
`;
